============================= test session starts =============================
platform win32 -- Python 3.12.6, pytest-9.0.1, pluggy-1.6.0 -- C:\AI-Prototyping-Lab---Healthcare-Stream---Derma\backend\venv\Scripts\python.exe
cachedir: .pytest_cache
rootdir: C:\AI-Prototyping-Lab---Healthcare-Stream---Derma\backend
configfile: pytest.ini
plugins: anyio-4.12.0, asyncio-1.3.0, cov-7.0.0, mock-3.15.1
asyncio: mode=Mode.STRICT, debug=False, asyncio_default_fixture_loop_scope=None, asyncio_default_test_loop_scope=function
collecting ... collected 3 items

tests/test_analysis_routes.py::TestAnalysisRoutes::test_analyze_image_success PASSED [ 33%]
tests/test_analysis_routes.py::TestAnalysisRoutes::test_get_report_by_id PASSED [ 66%]
tests/test_analysis_routes.py::TestAnalysisRoutes::test_report_access_denied FAILED [100%]

================================== FAILURES ===================================
________________ TestAnalysisRoutes.test_report_access_denied _________________
tests\test_analysis_routes.py:76: in test_report_access_denied
    owner = sample_image.patient # from fixture
            ^^^^^^^^^^^^^^^^^^^^
E   AttributeError: 'Image' object has no attribute 'patient'. Did you mean: 'patient_id'?
============================== warnings summary ===============================
tests/test_analysis_routes.py::TestAnalysisRoutes::test_analyze_image_success
tests/test_analysis_routes.py::TestAnalysisRoutes::test_get_report_by_id
  C:\AI-Prototyping-Lab---Healthcare-Stream---Derma\backend\app\services\auth.py:37: DeprecationWarning: datetime.datetime.utcnow() is deprecated and scheduled for removal in a future version. Use timezone-aware objects to represent datetimes in UTC: datetime.datetime.now(datetime.UTC).
    expire = datetime.utcnow() + timedelta(minutes=ACCESS_TOKEN_EXPIRE_MINUTES)

tests/test_analysis_routes.py::TestAnalysisRoutes::test_analyze_image_success
  C:\AI-Prototyping-Lab---Healthcare-Stream---Derma\backend\venv\Lib\site-packages\jose\jwt.py:311: DeprecationWarning: datetime.datetime.utcnow() is deprecated and scheduled for removal in a future version. Use timezone-aware objects to represent datetimes in UTC: datetime.datetime.now(datetime.UTC).
    now = timegm(datetime.utcnow().utctimetuple())

tests/test_analysis_routes.py::TestAnalysisRoutes::test_analyze_image_success
tests/test_analysis_routes.py::TestAnalysisRoutes::test_analyze_image_success
tests/test_analysis_routes.py::TestAnalysisRoutes::test_get_report_by_id
  C:\AI-Prototyping-Lab---Healthcare-Stream---Derma\backend\venv\Lib\site-packages\sqlalchemy\sql\schema.py:3624: DeprecationWarning: datetime.datetime.utcnow() is deprecated and scheduled for removal in a future version. Use timezone-aware objects to represent datetimes in UTC: datetime.datetime.now(datetime.UTC).
    return util.wrap_callable(lambda ctx: fn(), fn)  # type: ignore

-- Docs: https://docs.pytest.org/en/stable/how-to/capture-warnings.html
=============================== tests coverage ================================
_______________ coverage: platform win32, python 3.12.6-final-0 _______________

Name                             Stmts   Miss  Cover   Missing
--------------------------------------------------------------
app\__init__.py                      0      0   100%
app\auth_helpers.py                 30      9    70%   26, 34, 41-42, 48, 61, 72-77
app\config.py                       14      0   100%
app\db.py                           11      4    64%   10-14
app\main.py                         20      1    95%   55
app\models.py                       58      0   100%
app\routes\__init__.py               0      0   100%
app\routes\analysis.py             165    107    35%   22-41, 68, 75, 87-127, 171, 180, 204-233, 245-259, 281-333, 349-363, 376-397
app\routes\auth.py                  41     25    39%   22-68, 80-93, 109, 115
app\routes\cases.py                 75     59    21%   21-32, 53-86, 101-152, 168-215
app\routes\doctor_dashboard.py      11      1    91%   21
app\routes\doctors.py                9      1    89%   14
app\routes\images.py                13      4    69%   21-30
app\routes\patient_doctor.py        14      2    86%   20, 31
app\routes\websocket.py            119    101    15%   22-26, 29-34, 38-44, 60-222
app\schemas.py                      65      3    95%   33-35
app\seed_doctors.py                 51     51     0%   8-125
app\services\__init__.py             0      0   100%
app\services\auth.py                30     12    60%   10-15, 19-24, 35, 51-52
app\services\doctor_service.py      40     30    25%   11, 22-38, 43-49, 58-75, 80-88, 93-109
app\services\gemini_service.py      56     40    29%   13, 28-73, 91-125, 131-148, 160-168
app\services\image_service.py       26     19    27%   13-25, 32-60
--------------------------------------------------------------
TOTAL                              848    469    45%
Coverage HTML written to dir htmlcov
=========================== short test summary info ===========================
FAILED tests/test_analysis_routes.py::TestAnalysisRoutes::test_report_access_denied
=================== 1 failed, 2 passed, 6 warnings in 0.69s ===================
